ROM: Mario Kart - Super Circuit.gba (4.00 MiB)
node v24.19.0

=== Fase 2 · dos nucleos, un modulo, ROM compartida ===
       heap con 0 nucleos y sin ROM: 0.00 MiB
  ok   mgbawasm_rom_share — 4194304 bytes de 4194304
       heap con la ROM compartida y 0 nucleos: 4.00 MiB
  ok   abre el nucleo 0 — id 0
       heap con 1 nucleo: 4.92 MiB  (+0.92 MiB)
  ok   abre el nucleo 1 — id 1
       heap con 2 nucleos: 5.85 MiB  (+0.92 MiB)
  ok   hay 2 instancias — 2 instancias
  ok   el 2.º nucleo NO duplica la ROM — 0.92 MiB por nucleo frente a 4.00 MiB de ROM
       coste por nucleo extra: 0.92 MiB
  ok   los dos contadores de frames avanzan igual — 600 / 600
  ok   los dos tienen imagen — 65 y 65 colores
  ok   sin entrada, los dos frames son identicos (deterministas)
  ok   la entrada de un nucleo no llega al otro — pantallas distintas
  ok   cada nucleo tiene su propio framebuffer — 0x1dd328 / 0x2c99d0
  ok   el nucleo visible produce audio — 16384 muestras en cola
       sample rate: 65536 Hz
  ok   drop_audio vacia la cola — descartadas 16384, quedan 0
  ok   un nucleo al que nadie le drena el audio sigue avanzando — 300 frames de 300
       cola del nucleo sin drenar tras 300 frames: 16384 muestras

--- Estabilidad: 180 s con los dos nucleos ---
       frames por nucleo: 76320
       fps por nucleo (sin limite de reloj): 423.8
       heap antes / despues: 6.10 MiB / 6.10 MiB
       memoria lineal antes / despues: 64.00 MiB / 64.00 MiB
       heap min / max durante la ejecucion: 6.10 MiB / 6.10 MiB
       recorrido del heap: 0.00 MiB
       muestras (s, heap, frames):
            0s  6.10 MiB  60
           10s  6.10 MiB  4260
           20s  6.10 MiB  8520
           30s  6.10 MiB  12780
           40s  6.10 MiB  17040
           50s  6.10 MiB  21300
           60s  6.10 MiB  25560
           70s  6.10 MiB  29820
           81s  6.10 MiB  34080
           91s  6.10 MiB  38340
          101s  6.10 MiB  42600
          111s  6.10 MiB  46860
          121s  6.10 MiB  51120
          131s  6.10 MiB  55380
          141s  6.10 MiB  59640
          151s  6.10 MiB  63900
          161s  6.10 MiB  68160
          171s  6.10 MiB  72420
          180s  6.10 MiB  76320
  ok   el heap se mantiene plano durante la ejecucion — recorrido 0.00 MiB
  ok   los dos siguen avanzando al final — 77880 / 78120
  ok   cierra el nucleo 1 — 1 instancias
  ok   reabre un nucleo en el hueco liberado — id 1
  ok   cierra todo — 0 instancias
       heap tras cerrar los dos (la ROM sigue compartida): 4.00 MiB
       heap tras liberar la ROM: 0.00 MiB
  ok   volver al punto de partida no deja mas de 1 MiB suelto — delta 0.00 MiB

=== Log del nucleo (0 linea(s), solo FATAL/ERROR/WARN) ===
       ninguna

::notice title=Medidas multi::heap con 0 nucleos y sin ROM = 0.00 MiB · heap con la ROM compartida y 0 nucleos = 4.00 MiB · heap con 1 nucleo = 4.92 MiB  (+0.92 MiB) · heap con 2 nucleos = 5.85 MiB  (+0.92 MiB) · coste por nucleo extra = 0.92 MiB · sample rate = 65536 Hz · cola del nucleo sin drenar tras 300 frames = 16384 muestras · frames por nucleo = 76320 · fps por nucleo (sin limite de reloj) = 423.8 · heap antes / despues = 6.10 MiB / 6.10 MiB · memoria lineal antes / despues = 64.00 MiB / 64.00 MiB · heap min / max durante la ejecucion = 6.10 MiB / 6.10 MiB · recorrido del heap = 0.00 MiB · heap tras cerrar los dos (la ROM sigue compartida) = 4.00 MiB · heap tras liberar la ROM = 0.00 MiB · lineas de log del nucleo = 0
smoke multi: OK
