ROM: Mario Kart - Super Circuit.gba (4.00 MiB)
node v24.19.0

=== Trafico Link real · busqueda acotada de secuencia ===
  START A                    cargas distintas=  0 transferencias=    0  
       [core] [mgba:GBA Serial I/O] Reconfiguring player IDs with no players attached somehow?
  START A A                  cargas distintas=  0 transferencias=    0  
       [core] [mgba:GBA Serial I/O] Reconfiguring player IDs with no players attached somehow?
  START A DOWN A             cargas distintas=  0 transferencias=    0  
       [core] [mgba:GBA Serial I/O] Reconfiguring player IDs with no players attached somehow?
  START A DOWN DOWN A        cargas distintas=364 transferencias= 8100  0,0 | 16092,16092 | 2,16092 | 51221,3 | 14311,51220 | 51219,5
       [core] [mgba:GBA Serial I/O] Reconfiguring player IDs with no players attached somehow?
  START A DOWN DOWN DOWN A   cargas distintas=391 transferencias= 8100  0,0 | 3,16092 | 51220,4 | 51218,6 | 16092,0 | 14311,51217
       [core] [mgba:GBA Serial I/O] Reconfiguring player IDs with no players attached somehow?
  START A UP A               cargas distintas=  0 transferencias=    0  
       [core] [mgba:GBA Serial I/O] Reconfiguring player IDs with no players attached somehow?

       mejor secuencia: START A DOWN DOWN DOWN A
       cargas utiles distintas con la mejor secuencia: 391
       transferencias con la mejor secuencia: 8100
       muestras de carga util: 0,0 | 3,16092 | 51220,4 | 51218,6 | 16092,0 | 14311,51217
  ok   el trafico Link va mas alla de una sola carga util constante — 391 carga(s) distinta(s) con "START A DOWN DOWN DOWN A"

=== Log del nucleo (6 linea(s), solo FATAL/ERROR/WARN) ===
       [mgba:GBA Serial I/O] Reconfiguring player IDs with no players attached somehow?
       [mgba:GBA Serial I/O] Reconfiguring player IDs with no players attached somehow?
       [mgba:GBA Serial I/O] Reconfiguring player IDs with no players attached somehow?
       [mgba:GBA Serial I/O] Reconfiguring player IDs with no players attached somehow?
       [mgba:GBA Serial I/O] Reconfiguring player IDs with no players attached somehow?
       [mgba:GBA Serial I/O] Reconfiguring player IDs with no players attached somehow?
::warning title=Log del nucleo multi::6 linea(s): [mgba:GBA Serial I/O] Reconfiguring player IDs with no players attached somehow? | [mgba:GBA Serial I/O] Reconfiguring player IDs with no players attached somehow? | [mgba:GBA Serial I/O] Reconfiguring player IDs with no players attached somehow? | [mgba:GBA Serial I/O] Reconfiguring player IDs with no players attached somehow? | [mgba:GBA Serial I/O] Reconfiguring player IDs with no players attached somehow? | [mgba:GBA Serial I/O] Reconfiguring player IDs with no players attached somehow?

::notice title=Medidas multi::mejor secuencia = START A DOWN DOWN DOWN A · cargas utiles distintas con la mejor secuencia = 391 · transferencias con la mejor secuencia = 8100 · muestras de carga util = 0,0 | 3,16092 | 51220,4 | 51218,6 | 16092,0 | 14311,51217 · lineas de log del nucleo = 6
smoke multi: OK
